// Vitest Snapshot v1

exports[`Chip > renders correctly 1`] = `"content"`;
