// Vitest Snapshot v1

exports[`ImageLazy > renders correctly 1`] = `""`;
