// Vitest Snapshot v1

exports[`BikeImageSelector > renders correctly 1`] = `""`;
