// Vitest Snapshot v1

exports[`BikeBookmark > renders correctly 1`] = `"<div class=\\"icon text-base\\" data-v-004c41b7=\\"\\"><em class=\\"fa-regular fa-star\\" data-v-004c41b7=\\"\\"></em></div>"`;
